   Compiling proc-macro2 v1.0.106
   Compiling quote v1.0.45
   Compiling unicode-ident v1.0.24
   Compiling libc v0.2.184
   Compiling cfg-if v1.0.4
   Compiling typenum v1.19.0
   Compiling find-msvc-tools v0.1.9
   Compiling shlex v1.3.0
   Compiling cmov v0.5.3
   Compiling object v0.37.3
   Compiling memchr v2.8.0
   Compiling const-oid v0.10.2
   Compiling serde_core v1.0.228
   Compiling rand_core v0.10.0
   Compiling cc v1.2.60
   Compiling ctutils v0.4.2
   Compiling getrandom v0.4.2
   Compiling tinyvec_macros v0.1.1
   Compiling tinyvec v1.11.0
   Compiling bytes v1.11.1
   Compiling chacha20 v0.10.0
   Compiling pin-project-lite v0.2.17
   Compiling unicode-bidi v0.3.18
   Compiling unicode-normalization v0.1.25
   Compiling serde v1.0.228
   Compiling bitflags v2.11.0
   Compiling futures-core v0.3.32
   Compiling futures-sink v0.3.32
   Compiling unicode-properties v0.1.4
   Compiling parking_lot_core v0.9.12
   Compiling objc2-core-foundation v0.3.2
   Compiling stringprep v0.1.5
   Compiling stacker v0.1.23
   Compiling smallvec v1.15.1
   Compiling siphasher v1.0.2
   Compiling scopeguard v1.2.0
   Compiling fnv v1.0.7
   Compiling byteorder v1.5.0
   Compiling ident_case v1.0.1
   Compiling base64 v0.22.1
   Compiling fallible-iterator v0.2.0
   Compiling strsim v0.11.1
   Compiling phf_shared v0.13.1
   Compiling lock_api v0.4.14
   Compiling objc2-system-configuration v0.3.2
   Compiling log v0.4.29
   Compiling futures-task v0.3.32
   Compiling zmij v1.0.21
   Compiling futures-util v0.3.32
   Compiling phf v0.13.1
   Compiling futures-channel v0.3.32
   Compiling percent-encoding v2.3.2
   Compiling equivalent v1.0.2
   Compiling itoa v1.0.18
   Compiling argh_shared v0.1.19
   Compiling thiserror v2.0.18
   Compiling serde_json v1.0.149
   Compiling hashbrown v0.17.0
   Compiling indexmap v2.14.0
   Compiling syn v2.0.117
   Compiling unsafe-libyaml v0.2.11
   Compiling hybrid-array v0.4.10
   Compiling ar_archive_writer v0.5.1
   Compiling ryu v1.0.23
   Compiling dotenvy v0.15.7
   Compiling crypto-common v0.2.1
   Compiling block-buffer v0.12.0
   Compiling psm v0.1.30
   Compiling cpufeatures v0.3.0
   Compiling socket2 v0.6.3
   Compiling mio v1.2.0
   Compiling digest v0.11.2
   Compiling hmac v0.13.0
   Compiling sha2 v0.11.0
   Compiling md-5 v0.11.0
   Compiling rand v0.10.0
   Compiling tokio v1.51.1
   Compiling whoami v2.1.1
   Compiling parking_lot v0.12.5
   Compiling darling_core v0.20.11
   Compiling postgres-protocol v0.6.11
   Compiling postgres-types v0.2.13
   Compiling serde_derive v1.0.228
   Compiling recursive-proc-macro-impl v0.1.1
   Compiling async-trait v0.1.89
   Compiling argh_derive v0.1.19
   Compiling thiserror-impl v2.0.18
   Compiling darling_macro v0.20.11
   Compiling darling v0.20.11
   Compiling tokio-util v0.7.18
   Compiling tokio-postgres v0.7.17
   Compiling recursive v0.1.1
   Compiling gaman-macros v0.3.5 (/Users/vivek/Projects/gaman/gaman-macros)
   Compiling serde_yaml v0.9.34+deprecated
   Compiling argh v0.1.19
   Compiling sqlparser v0.61.0
   Compiling postgres v0.19.13
   Compiling gaman v0.3.5 (/Users/vivek/Projects/gaman)
    Finished `dev` profile [unoptimized + debuginfo] target(s) in 21.05s
